1747595183|Leonardo|A|/app.py
1747595183|Leonardo|A|/config.py
1747595183|Leonardo|A|/models.py
1747595183|Leonardo|A|/venv/lib/python3.10/site-packages/flask/app.py
1747595183|Leonardo|A|/venv/lib/python3.10/site-packages/flask/config.py
1747595183|Leonardo|A|/venv/lib/python3.10/site-packages/flask/sansio/app.py
1747595183|Leonardo|A|/venv/lib/python3.10/site-packages/gunicorn/app/pasterapp.py
1747595183|Leonardo|A|/venv/lib/python3.10/site-packages/gunicorn/app/wsgiapp.py
1747595183|Leonardo|A|/venv/lib/python3.10/site-packages/gunicorn/config.py
1747595183|Leonardo|A|/venv/lib/python3.10/site-packages/pip/_internal/locations/_sysconfig.py
1747595183|Leonardo|A|/venv/lib/python3.10/site-packages/pip/_internal/utils/models.py
1747595183|Leonardo|A|/venv/lib/python3.10/site-packages/pip/_vendor/requests/models.py
1747595183|Leonardo|A|/venv/lib/python3.10/site-packages/setuptools/_distutils/command/config.py
1747595183|Leonardo|A|/venv/lib/python3.10/site-packages/setuptools/_distutils/config.py
1747595183|Leonardo|A|/venv/lib/python3.10/site-packages/setuptools/_distutils/sysconfig.py
1747595183|Leonardo|A|/venv/lib/python3.10/site-packages/setuptools/config.py
1747595183|Leonardo|A|/venv/lib/python3.10/site-packages/sqlalchemy/testing/config.py
1747595183|Leonardo|A|/venv/lib/python3.10/site-packages/werkzeug/testapp.py
1748229801|Leonardo|M|/app.py
1748229801|Leonardo|M|/config.py
1748229801|Leonardo|M|/models.py
1748229801|Leonardo|A|/static/imagens/logo-shemoves.png
1748229801|Leonardo|A|/static/styles.css
1748229801|Leonardo|A|/static/uploads/cliente_3/documento.png
1748229801|Leonardo|A|/static/uploads/cliente_3/selfie.png
1748229801|Leonardo|A|/static/uploads/cliente_4/documento.png
1748229801|Leonardo|A|/static/uploads/cliente_4/selfie.png
1748229801|Leonardo|A|/static/uploads/cliente_5/documento.png
1748229801|Leonardo|A|/static/uploads/cliente_5/selfie.png
1748229801|Leonardo|A|/static/uploads/profissional_1/documento.png
1748229801|Leonardo|A|/static/uploads/profissional_1/selfie.png
1748229801|Leonardo|A|/templates/agenda.html
1748229801|Leonardo|A|/templates/aguardando.html
1748229801|Leonardo|A|/templates/cadastro-cliente.html
1748229801|Leonardo|A|/templates/cadastro-profissional.html
1748229801|Leonardo|A|/templates/envio-documentos.html
1748229801|Leonardo|A|/templates/login.html
1748229801|Leonardo|A|/templates/painel-master.html
1748487196|Leonardo|M|/app.py
1748487196|Leonardo|M|/config.py
1748487196|Leonardo|A|/static/imagens/aluna.png
1748487196|Leonardo|A|/static/imagens/avatar.png
1748487196|Leonardo|A|/static/imagens/profissional.png
1748487196|Leonardo|A|/static/login.js
1748487196|Leonardo|A|/static/modalidade_local.css
1748487196|Leonardo|A|/static/styles_escolha.css
1748487196|Leonardo|A|/static/styles_login.css
1748487196|Leonardo|A|/static/uploads/cliente_6/documento.png
1748487196|Leonardo|A|/static/uploads/cliente_6/selfie.png
1748487196|Leonardo|A|/static/uploads/profissional_2/documento.png
1748487196|Leonardo|A|/static/uploads/profissional_2/selfie.png
1748487196|Leonardo|A|/templates/cadastro-escolha.html
1748487196|Leonardo|A|/templates/esqueceu-senha.html
1748487196|Leonardo|M|/templates/login.html
1748487196|Leonardo|A|/templates/modalidade-local.html
1748487196|Leonardo|A|/venv/lib/python3.10/site-packages/cffi/pkgconfig.py
1748487196|Leonardo|A|/venv/lib/python3.10/site-packages/charset_normalizer/models.py
1748487196|Leonardo|A|/venv/lib/python3.10/site-packages/cleo/config/application_config.py
1748487196|Leonardo|A|/venv/lib/python3.10/site-packages/clikit/api/config/application_config.py
1748487196|Leonardo|A|/venv/lib/python3.10/site-packages/clikit/api/config/command_config.py
1748487196|Leonardo|A|/venv/lib/python3.10/site-packages/clikit/api/config/config.py
1748487196|Leonardo|A|/venv/lib/python3.10/site-packages/clikit/config/default_application_config.py
1748487196|Leonardo|A|/venv/lib/python3.10/site-packages/poetry/config/config.py
1748487196|Leonardo|A|/venv/lib/python3.10/site-packages/poetry/console/commands/config.py
1748487196|Leonardo|A|/venv/lib/python3.10/site-packages/poetry/console/config/application_config.py
1748487196|Leonardo|A|/venv/lib/python3.10/site-packages/poetry/core/_vendor/attr/_config.py
1748487196|Leonardo|A|/venv/lib/python3.10/site-packages/requests/models.py
1748487196|Leonardo|A|/venv/lib/python3.10/site-packages/virtualenv/util/zipapp.py
1748829379|Maysa|M|/static/login.js
1748829379|Maysa|M|/static/modalidade_local.css
1748829379|Maysa|M|/static/styles.css
1748829379|Maysa|A|/static/styles_base.css
1748829379|Maysa|A|/static/styles_cliente.css
1748829379|Maysa|A|/static/styles_documentos.css
1748829379|Maysa|M|/static/styles_escolha.css
1748829379|Maysa|M|/static/styles_login.css
1748829379|Maysa|A|/static/uploads/cliente_2/documento.png
1748829379|Maysa|A|/static/uploads/cliente_2/selfie.png
1748829379|Maysa|M|/static/uploads/cliente_3/documento.png
1748829379|Maysa|M|/static/uploads/cliente_3/selfie.png
1748829379|Maysa|M|/templates/agenda.html
1748829379|Maysa|M|/templates/aguardando.html
1748829379|Maysa|A|/templates/busca.html
1748829379|Maysa|M|/templates/cadastro-cliente.html
1748829379|Maysa|M|/templates/cadastro-escolha.html
1748829379|Maysa|M|/templates/cadastro-profissional.html
1748829379|Maysa|A|/templates/chat.html
1748829379|Maysa|A|/templates/configura\303\247\303\243o-perfil.html
1748829379|Maysa|M|/templates/envio-documentos.html
1748829379|Maysa|D|/templates/esqueceu-senha.html
1748829379|Maysa|A|/templates/lista-chat.html
1748829379|Maysa|M|/templates/login.html
1748829379|Maysa|A|/templates/meu-perfil.html
1748829379|Maysa|M|/templates/modalidade-local.html
1748829379|Maysa|A|/templates/notifica\303\247\303\265es.html
1748829379|Maysa|M|/templates/painel-master.html
1748829379|Maysa|A|/templates/perfil.html
1748829379|Maysa|A|/templates/recuperar-senha-nova.html
1748829379|Maysa|A|/templates/recuperar-senha.html
1748829379|Maysa|A|/templates/resultados.html
1748836637|Maysa|M|/app.py
1748836637|Maysa|M|/static/styles_login.css
1748836637|Maysa|M|/templates/agenda.html
1748836637|Maysa|M|/templates/login.html
1748880309|Leonardo|M|/app.py
1748880309|Leonardo|M|/config.py
1748880309|Leonardo|M|/static/modalidade_local.css
1748880309|Leonardo|M|/templates/modalidade-local.html
1749011883|Maysa|M|/app.py
1749011883|Maysa|A|/static/styles_agenda.css
1749011883|Maysa|M|/static/styles_base.css
1749011883|Maysa|M|/static/styles_documentos.css
1749011883|Maysa|A|/static/styles_perfil.css
1749011883|Maysa|M|/templates/agenda.html
1749011883|Maysa|M|/templates/cadastro-cliente.html
1749011883|Maysa|M|/templates/envio-documentos.html
1749011883|Maysa|M|/templates/meu-perfil.html
1749078121|Leonardo Souza|M|/app.py
1749078546|Leonardo Souza|M|/config.py
1749082180|Leonardo Souza|M|/app.py
1749082469|Leonardo Souza|M|/app.py
1749083047|Leonardo Souza|M|/app.py
1750563381|Leonardo|M|/app.py
1750563381|Leonardo|A|/static/buscar.js
1750563381|Leonardo|A|/static/resultados.css
1750563381|Leonardo|A|/static/styles_buscar.css
1750563381|Leonardo|A|/static/styles_meuperfil.css
1750563381|Leonardo|M|/templates/agenda.html
1750563381|Leonardo|M|/templates/busca.html
1750563381|Leonardo|M|/templates/meu-perfil.html
1750563381|Leonardo|M|/templates/modalidade-local.html
1750563381|Leonardo|M|/templates/resultados.html
1750563381|Leonardo|M|/venv/lib/python3.10/site-packages/requests/models.py
1751509745|Maysa|M|/app.py
1751509745|Maysa|M|/static/uploads/profissional_1/documento.png
1751509745|Maysa|M|/static/uploads/profissional_1/selfie.png
1751509745|Maysa|M|/templates/agenda.html
1751509745|Maysa|M|/templates/aguardando.html
1751509745|Maysa|M|/templates/busca.html
1751509745|Maysa|M|/templates/cadastro-cliente.html
1751509745|Maysa|M|/templates/cadastro-escolha.html
1751509745|Maysa|M|/templates/cadastro-profissional.html
1751509745|Maysa|M|/templates/envio-documentos.html
1751509745|Maysa|M|/templates/login.html
1751509745|Maysa|M|/templates/meu-perfil.html
1751509745|Maysa|M|/templates/modalidade-local.html
1751509745|Maysa|M|/templates/painel-master.html
1751509745|Maysa|M|/templates/resultados.html
1751509745|Maysa|A|/venv/Lib/site-packages/charset_normalizer/models.py
1751509745|Maysa|A|/venv/Lib/site-packages/cleo/config/application_config.py
1751509745|Maysa|A|/venv/Lib/site-packages/clikit/api/config/application_config.py
1751509745|Maysa|A|/venv/Lib/site-packages/clikit/api/config/command_config.py
1751509745|Maysa|A|/venv/Lib/site-packages/clikit/api/config/config.py
1751509745|Maysa|A|/venv/Lib/site-packages/clikit/config/default_application_config.py
1751509745|Maysa|A|/venv/Lib/site-packages/flask/app.py
1751509745|Maysa|A|/venv/Lib/site-packages/flask/config.py
1751509745|Maysa|A|/venv/Lib/site-packages/flask/sansio/app.py
1751509745|Maysa|A|/venv/Lib/site-packages/gunicorn/app/pasterapp.py
1751509745|Maysa|A|/venv/Lib/site-packages/gunicorn/app/wsgiapp.py
1751509745|Maysa|A|/venv/Lib/site-packages/gunicorn/config.py
1751509745|Maysa|A|/venv/Lib/site-packages/pip/_internal/locations/_sysconfig.py
1751509745|Maysa|A|/venv/Lib/site-packages/pip/_vendor/requests/models.py
1751509745|Maysa|A|/venv/Lib/site-packages/poetry/config/config.py
1751509745|Maysa|A|/venv/Lib/site-packages/poetry/console/commands/config.py
1751509745|Maysa|A|/venv/Lib/site-packages/poetry/console/config/application_config.py
1751509745|Maysa|A|/venv/Lib/site-packages/poetry/core/_vendor/attr/_config.py
1751509745|Maysa|A|/venv/Lib/site-packages/requests/models.py
1751509745|Maysa|A|/venv/Lib/site-packages/setuptools/_distutils/command/config.py
1751509745|Maysa|A|/venv/Lib/site-packages/setuptools/_distutils/config.py
1751509745|Maysa|A|/venv/Lib/site-packages/setuptools/_distutils/sysconfig.py
1751509745|Maysa|A|/venv/Lib/site-packages/sqlalchemy/testing/config.py
1751509745|Maysa|A|/venv/Lib/site-packages/virtualenv/util/zipapp.py
1751509745|Maysa|A|/venv/Lib/site-packages/werkzeug/testapp.py
1751509745|Maysa|D|/venv/lib/python3.10/site-packages/cffi/pkgconfig.py
1751509745|Maysa|D|/venv/lib/python3.10/site-packages/charset_normalizer/models.py
1751509745|Maysa|D|/venv/lib/python3.10/site-packages/cleo/config/application_config.py
1751509745|Maysa|D|/venv/lib/python3.10/site-packages/clikit/api/config/application_config.py
1751509745|Maysa|D|/venv/lib/python3.10/site-packages/clikit/api/config/command_config.py
1751509745|Maysa|D|/venv/lib/python3.10/site-packages/clikit/api/config/config.py
1751509745|Maysa|D|/venv/lib/python3.10/site-packages/clikit/config/default_application_config.py
1751509745|Maysa|D|/venv/lib/python3.10/site-packages/flask/app.py
1751509745|Maysa|D|/venv/lib/python3.10/site-packages/flask/config.py
1751509745|Maysa|D|/venv/lib/python3.10/site-packages/flask/sansio/app.py
1751509745|Maysa|D|/venv/lib/python3.10/site-packages/gunicorn/app/pasterapp.py
1751509745|Maysa|D|/venv/lib/python3.10/site-packages/gunicorn/app/wsgiapp.py
1751509745|Maysa|D|/venv/lib/python3.10/site-packages/gunicorn/config.py
1751509745|Maysa|D|/venv/lib/python3.10/site-packages/pip/_internal/locations/_sysconfig.py
1751509745|Maysa|D|/venv/lib/python3.10/site-packages/pip/_internal/utils/models.py
1751509745|Maysa|D|/venv/lib/python3.10/site-packages/pip/_vendor/requests/models.py
1751509745|Maysa|D|/venv/lib/python3.10/site-packages/poetry/config/config.py
1751509745|Maysa|D|/venv/lib/python3.10/site-packages/poetry/console/commands/config.py
1751509745|Maysa|D|/venv/lib/python3.10/site-packages/poetry/console/config/application_config.py
1751509745|Maysa|D|/venv/lib/python3.10/site-packages/poetry/core/_vendor/attr/_config.py
1751509745|Maysa|D|/venv/lib/python3.10/site-packages/requests/models.py
1751509745|Maysa|D|/venv/lib/python3.10/site-packages/setuptools/_distutils/command/config.py
1751509745|Maysa|D|/venv/lib/python3.10/site-packages/setuptools/_distutils/config.py
1751509745|Maysa|D|/venv/lib/python3.10/site-packages/setuptools/_distutils/sysconfig.py
1751509745|Maysa|D|/venv/lib/python3.10/site-packages/setuptools/config.py
1751509745|Maysa|D|/venv/lib/python3.10/site-packages/sqlalchemy/testing/config.py
1751509745|Maysa|D|/venv/lib/python3.10/site-packages/virtualenv/util/zipapp.py
1751509745|Maysa|D|/venv/lib/python3.10/site-packages/werkzeug/testapp.py
1751824217|Leonardo Souza|M|/templates/login.html
1752537048|Maysa|M|/app.py
1752537048|Maysa|M|/templates/agenda.html
1752537048|Maysa|M|/templates/login.html
1752543257|Maysa|M|/app.py
1752543257|Maysa|M|/templates/login.html
1752546827|Maysa|M|/app.py
1752546827|Maysa|M|/static/uploads/cliente_6/documento.png
1752546827|Maysa|M|/static/uploads/cliente_6/selfie.png
1752546827|Maysa|A|/static/uploads/download20210402181755.png
1752546827|Maysa|M|/templates/agenda.html
1752546827|Maysa|M|/templates/aguardando.html
1752546827|Maysa|M|/templates/busca.html
1752546827|Maysa|M|/templates/cadastro-cliente.html
1752546827|Maysa|M|/templates/cadastro-escolha.html
1752546827|Maysa|M|/templates/cadastro-profissional.html
1752546827|Maysa|M|/templates/envio-documentos.html
1752546827|Maysa|M|/templates/meu-perfil.html
1752546827|Maysa|M|/templates/modalidade-local.html
1752546827|Maysa|M|/templates/painel-master.html
1752546827|Maysa|M|/templates/resultados.html
1752621776|Leonardo|M|/app.py
1752621776|Leonardo|M|/models.py
1752621776|Leonardo|A|/static/chat.css
1752621776|Leonardo|A|/static/chat_list.css
1752621776|Leonardo|M|/static/resultados.css
1752621776|Leonardo|A|/static/uploads/maysa.png
1752621776|Leonardo|M|/templates/agenda.html
1752621776|Leonardo|M|/templates/chat.html
1752621776|Leonardo|M|/templates/lista-chat.html
1752621776|Leonardo|M|/templates/notifica\303\247\303\265es.html
1752621776|Leonardo|M|/templates/resultados.html
1752638010|Maysa|M|/app.py
1752638010|Maysa|A|/static/imagens/brasil.png
1752638010|Maysa|A|/static/imagens/eua.png
1752638010|Maysa|M|/static/styles_base.css
1752638010|Maysa|M|/templates/agenda.html
1752638010|Maysa|M|/templates/aguardando.html
1752638010|Maysa|M|/templates/busca.html
1752638010|Maysa|M|/templates/cadastro-cliente.html
1752638010|Maysa|M|/templates/cadastro-escolha.html
1752638010|Maysa|M|/templates/cadastro-profissional.html
1752638010|Maysa|M|/templates/envio-documentos.html
1752638010|Maysa|M|/templates/lista-chat.html
1752638010|Maysa|M|/templates/login.html
1752638010|Maysa|M|/templates/modalidade-local.html
1752638010|Maysa|M|/templates/notifica\303\247\303\265es.html
1752638010|Maysa|M|/templates/painel-master.html
1752638010|Maysa|M|/templates/resultados.html
1756939431|Leonardo|M|/app.py
1756939431|Leonardo|A|/static/loading.gif
1756939431|Leonardo|M|/static/login.js
1756939431|Leonardo|M|/static/styles.css
1756939431|Leonardo|A|/static/uploads/profissional_4/documento.png
1756939431|Leonardo|A|/static/uploads/profissional_4/selfie.png
1756939431|Leonardo|M|/templates/cadastro-cliente.html
1756939431|Leonardo|M|/templates/cadastro-profissional.html
1756939431|Leonardo|D|/venv/Lib/site-packages/charset_normalizer/models.py
1756939431|Leonardo|D|/venv/Lib/site-packages/cleo/config/application_config.py
1756939431|Leonardo|D|/venv/Lib/site-packages/clikit/api/config/application_config.py
1756939431|Leonardo|D|/venv/Lib/site-packages/clikit/api/config/command_config.py
1756939431|Leonardo|D|/venv/Lib/site-packages/clikit/api/config/config.py
1756939431|Leonardo|D|/venv/Lib/site-packages/clikit/config/default_application_config.py
1756939431|Leonardo|D|/venv/Lib/site-packages/flask/app.py
1756939431|Leonardo|D|/venv/Lib/site-packages/flask/config.py
1756939431|Leonardo|D|/venv/Lib/site-packages/flask/sansio/app.py
1756939431|Leonardo|D|/venv/Lib/site-packages/gunicorn/app/pasterapp.py
1756939431|Leonardo|D|/venv/Lib/site-packages/gunicorn/app/wsgiapp.py
1756939431|Leonardo|D|/venv/Lib/site-packages/gunicorn/config.py
1756939431|Leonardo|D|/venv/Lib/site-packages/pip/_internal/locations/_sysconfig.py
1756939431|Leonardo|D|/venv/Lib/site-packages/pip/_vendor/requests/models.py
1756939431|Leonardo|D|/venv/Lib/site-packages/poetry/config/config.py
1756939431|Leonardo|D|/venv/Lib/site-packages/poetry/console/commands/config.py
1756939431|Leonardo|D|/venv/Lib/site-packages/poetry/console/config/application_config.py
1756939431|Leonardo|D|/venv/Lib/site-packages/poetry/core/_vendor/attr/_config.py
1756939431|Leonardo|D|/venv/Lib/site-packages/requests/models.py
1756939431|Leonardo|D|/venv/Lib/site-packages/setuptools/_distutils/command/config.py
1756939431|Leonardo|D|/venv/Lib/site-packages/setuptools/_distutils/config.py
1756939431|Leonardo|D|/venv/Lib/site-packages/setuptools/_distutils/sysconfig.py
1756939431|Leonardo|D|/venv/Lib/site-packages/sqlalchemy/testing/config.py
1756939431|Leonardo|D|/venv/Lib/site-packages/virtualenv/util/zipapp.py
1756939431|Leonardo|D|/venv/Lib/site-packages/werkzeug/testapp.py
1756939431|Leonardo|A|/venv/lib/python3.10/site-packages/cffi/pkgconfig.py
1756939431|Leonardo|A|/venv/lib/python3.10/site-packages/charset_normalizer/models.py
1756939431|Leonardo|A|/venv/lib/python3.10/site-packages/cleo/config/application_config.py
1756939431|Leonardo|A|/venv/lib/python3.10/site-packages/clikit/api/config/application_config.py
1756939431|Leonardo|A|/venv/lib/python3.10/site-packages/clikit/api/config/command_config.py
1756939431|Leonardo|A|/venv/lib/python3.10/site-packages/clikit/api/config/config.py
1756939431|Leonardo|A|/venv/lib/python3.10/site-packages/clikit/config/default_application_config.py
1756939431|Leonardo|A|/venv/lib/python3.10/site-packages/flask/app.py
1756939431|Leonardo|A|/venv/lib/python3.10/site-packages/flask/config.py
1756939431|Leonardo|A|/venv/lib/python3.10/site-packages/flask/sansio/app.py
1756939431|Leonardo|A|/venv/lib/python3.10/site-packages/gunicorn/app/pasterapp.py
1756939431|Leonardo|A|/venv/lib/python3.10/site-packages/gunicorn/app/wsgiapp.py
1756939431|Leonardo|A|/venv/lib/python3.10/site-packages/gunicorn/config.py
1756939431|Leonardo|A|/venv/lib/python3.10/site-packages/pip/_internal/locations/_sysconfig.py
1756939431|Leonardo|A|/venv/lib/python3.10/site-packages/pip/_internal/utils/models.py
1756939431|Leonardo|A|/venv/lib/python3.10/site-packages/pip/_vendor/requests/models.py
1756939431|Leonardo|A|/venv/lib/python3.10/site-packages/poetry/config/config.py
1756939431|Leonardo|A|/venv/lib/python3.10/site-packages/poetry/console/commands/config.py
1756939431|Leonardo|A|/venv/lib/python3.10/site-packages/poetry/console/config/application_config.py
1756939431|Leonardo|A|/venv/lib/python3.10/site-packages/poetry/core/_vendor/attr/_config.py
1756939431|Leonardo|A|/venv/lib/python3.10/site-packages/requests/models.py
1756939431|Leonardo|A|/venv/lib/python3.10/site-packages/setuptools/_distutils/command/config.py
1756939431|Leonardo|A|/venv/lib/python3.10/site-packages/setuptools/_distutils/config.py
1756939431|Leonardo|A|/venv/lib/python3.10/site-packages/setuptools/_distutils/sysconfig.py
1756939431|Leonardo|A|/venv/lib/python3.10/site-packages/setuptools/config.py
1756939431|Leonardo|A|/venv/lib/python3.10/site-packages/sqlalchemy/testing/config.py
1756939431|Leonardo|A|/venv/lib/python3.10/site-packages/virtualenv/util/zipapp.py
1756939431|Leonardo|A|/venv/lib/python3.10/site-packages/werkzeug/testapp.py
1756943995|Leonardo|M|/app.py
1757044650|Maysa|M|/app.py
1757044650|Maysa|M|/config.py
1757044650|Maysa|M|/models.py
1757044650|Maysa|M|/static/chat.css
1757044650|Maysa|M|/static/chat_list.css
1757044650|Maysa|M|/static/login.js
1757044650|Maysa|M|/static/modalidade_local.css
1757044650|Maysa|M|/static/resultados.css
1757044650|Maysa|M|/static/styles.css
1757044650|Maysa|M|/static/styles_agenda.css
1757044650|Maysa|M|/static/styles_base.css
1757044650|Maysa|M|/static/styles_buscar.css
1757044650|Maysa|M|/static/styles_documentos.css
1757044650|Maysa|M|/static/styles_escolha.css
1757044650|Maysa|M|/static/styles_login.css
1757044650|Maysa|M|/static/styles_meuperfil.css
1757044650|Maysa|M|/static/styles_perfil.css
1757044650|Maysa|M|/static/uploads/profissional_2/documento.png
1757044650|Maysa|M|/static/uploads/profissional_2/selfie.png
1757044650|Maysa|M|/templates/envio-documentos.html
1757044650|Maysa|M|/templates/login.html
1757044650|Maysa|M|/templates/resultados.html
1757044650|Maysa|A|/templates/verificar-email.html
1757044650|Maysa|D|/venv/lib/python3.10/site-packages/cffi/pkgconfig.py
1757044650|Maysa|D|/venv/lib/python3.10/site-packages/charset_normalizer/models.py
1757044650|Maysa|D|/venv/lib/python3.10/site-packages/cleo/config/application_config.py
1757044650|Maysa|D|/venv/lib/python3.10/site-packages/clikit/api/config/application_config.py
1757044650|Maysa|D|/venv/lib/python3.10/site-packages/clikit/api/config/command_config.py
1757044650|Maysa|D|/venv/lib/python3.10/site-packages/clikit/api/config/config.py
1757044650|Maysa|D|/venv/lib/python3.10/site-packages/clikit/config/default_application_config.py
1757044650|Maysa|D|/venv/lib/python3.10/site-packages/flask/app.py
1757044650|Maysa|D|/venv/lib/python3.10/site-packages/flask/config.py
1757044650|Maysa|D|/venv/lib/python3.10/site-packages/flask/sansio/app.py
1757044650|Maysa|D|/venv/lib/python3.10/site-packages/gunicorn/app/pasterapp.py
1757044650|Maysa|D|/venv/lib/python3.10/site-packages/gunicorn/app/wsgiapp.py
1757044650|Maysa|D|/venv/lib/python3.10/site-packages/gunicorn/config.py
1757044650|Maysa|D|/venv/lib/python3.10/site-packages/pip/_internal/locations/_sysconfig.py
1757044650|Maysa|D|/venv/lib/python3.10/site-packages/pip/_internal/utils/models.py
1757044650|Maysa|D|/venv/lib/python3.10/site-packages/pip/_vendor/requests/models.py
1757044650|Maysa|D|/venv/lib/python3.10/site-packages/poetry/config/config.py
1757044650|Maysa|D|/venv/lib/python3.10/site-packages/poetry/console/commands/config.py
1757044650|Maysa|D|/venv/lib/python3.10/site-packages/poetry/console/config/application_config.py
1757044650|Maysa|D|/venv/lib/python3.10/site-packages/poetry/core/_vendor/attr/_config.py
1757044650|Maysa|D|/venv/lib/python3.10/site-packages/requests/models.py
1757044650|Maysa|D|/venv/lib/python3.10/site-packages/setuptools/_distutils/command/config.py
1757044650|Maysa|D|/venv/lib/python3.10/site-packages/setuptools/_distutils/config.py
1757044650|Maysa|D|/venv/lib/python3.10/site-packages/setuptools/_distutils/sysconfig.py
1757044650|Maysa|D|/venv/lib/python3.10/site-packages/setuptools/config.py
1757044650|Maysa|D|/venv/lib/python3.10/site-packages/sqlalchemy/testing/config.py
1757044650|Maysa|D|/venv/lib/python3.10/site-packages/virtualenv/util/zipapp.py
1757044650|Maysa|D|/venv/lib/python3.10/site-packages/werkzeug/testapp.py
1757044738|Maysa|A|/venv/Lib/python3.10/site-packages/cffi/pkgconfig.py
1757044738|Maysa|A|/venv/Lib/python3.10/site-packages/charset_normalizer/models.py
1757044738|Maysa|A|/venv/Lib/python3.10/site-packages/cleo/config/application_config.py
1757044738|Maysa|A|/venv/Lib/python3.10/site-packages/clikit/api/config/application_config.py
1757044738|Maysa|A|/venv/Lib/python3.10/site-packages/clikit/api/config/command_config.py
1757044738|Maysa|A|/venv/Lib/python3.10/site-packages/clikit/api/config/config.py
1757044738|Maysa|A|/venv/Lib/python3.10/site-packages/clikit/config/default_application_config.py
1757044738|Maysa|A|/venv/Lib/python3.10/site-packages/flask/app.py
1757044738|Maysa|A|/venv/Lib/python3.10/site-packages/flask/config.py
1757044738|Maysa|A|/venv/Lib/python3.10/site-packages/flask/sansio/app.py
1757044738|Maysa|A|/venv/Lib/python3.10/site-packages/gunicorn/app/pasterapp.py
1757044738|Maysa|A|/venv/Lib/python3.10/site-packages/gunicorn/app/wsgiapp.py
1757044738|Maysa|A|/venv/Lib/python3.10/site-packages/gunicorn/config.py
1757044738|Maysa|A|/venv/Lib/python3.10/site-packages/pip/_internal/locations/_sysconfig.py
1757044738|Maysa|A|/venv/Lib/python3.10/site-packages/pip/_internal/utils/models.py
1757044738|Maysa|A|/venv/Lib/python3.10/site-packages/pip/_vendor/requests/models.py
1757044738|Maysa|A|/venv/Lib/python3.10/site-packages/poetry/config/config.py
1757044738|Maysa|A|/venv/Lib/python3.10/site-packages/poetry/console/commands/config.py
1757044738|Maysa|A|/venv/Lib/python3.10/site-packages/poetry/console/config/application_config.py
1757044738|Maysa|A|/venv/Lib/python3.10/site-packages/poetry/core/_vendor/attr/_config.py
1757044738|Maysa|A|/venv/Lib/python3.10/site-packages/requests/models.py
1757044738|Maysa|A|/venv/Lib/python3.10/site-packages/setuptools/_distutils/command/config.py
1757044738|Maysa|A|/venv/Lib/python3.10/site-packages/setuptools/_distutils/config.py
1757044738|Maysa|A|/venv/Lib/python3.10/site-packages/setuptools/_distutils/sysconfig.py
1757044738|Maysa|A|/venv/Lib/python3.10/site-packages/setuptools/config.py
1757044738|Maysa|A|/venv/Lib/python3.10/site-packages/sqlalchemy/testing/config.py
1757044738|Maysa|A|/venv/Lib/python3.10/site-packages/virtualenv/util/zipapp.py
1757044738|Maysa|A|/venv/Lib/python3.10/site-packages/werkzeug/testapp.py
1757634771|Maysa|D|/venv/Lib/python3.10/site-packages/cffi/pkgconfig.py
1757634771|Maysa|D|/venv/Lib/python3.10/site-packages/charset_normalizer/models.py
1757634771|Maysa|D|/venv/Lib/python3.10/site-packages/cleo/config/application_config.py
1757634771|Maysa|D|/venv/Lib/python3.10/site-packages/clikit/api/config/application_config.py
1757634771|Maysa|D|/venv/Lib/python3.10/site-packages/clikit/api/config/command_config.py
1757634771|Maysa|D|/venv/Lib/python3.10/site-packages/clikit/api/config/config.py
1757634771|Maysa|D|/venv/Lib/python3.10/site-packages/clikit/config/default_application_config.py
1757634771|Maysa|D|/venv/Lib/python3.10/site-packages/flask/app.py
1757634771|Maysa|D|/venv/Lib/python3.10/site-packages/flask/config.py
1757634771|Maysa|D|/venv/Lib/python3.10/site-packages/flask/sansio/app.py
1757634771|Maysa|D|/venv/Lib/python3.10/site-packages/gunicorn/app/pasterapp.py
1757634771|Maysa|D|/venv/Lib/python3.10/site-packages/gunicorn/app/wsgiapp.py
1757634771|Maysa|D|/venv/Lib/python3.10/site-packages/gunicorn/config.py
1757634771|Maysa|D|/venv/Lib/python3.10/site-packages/pip/_internal/locations/_sysconfig.py
1757634771|Maysa|D|/venv/Lib/python3.10/site-packages/pip/_internal/utils/models.py
1757634771|Maysa|D|/venv/Lib/python3.10/site-packages/pip/_vendor/requests/models.py
1757634771|Maysa|D|/venv/Lib/python3.10/site-packages/poetry/config/config.py
1757634771|Maysa|D|/venv/Lib/python3.10/site-packages/poetry/console/commands/config.py
1757634771|Maysa|D|/venv/Lib/python3.10/site-packages/poetry/console/config/application_config.py
1757634771|Maysa|D|/venv/Lib/python3.10/site-packages/poetry/core/_vendor/attr/_config.py
1757634771|Maysa|D|/venv/Lib/python3.10/site-packages/requests/models.py
1757634771|Maysa|D|/venv/Lib/python3.10/site-packages/setuptools/_distutils/command/config.py
1757634771|Maysa|D|/venv/Lib/python3.10/site-packages/setuptools/_distutils/config.py
1757634771|Maysa|D|/venv/Lib/python3.10/site-packages/setuptools/_distutils/sysconfig.py
1757634771|Maysa|D|/venv/Lib/python3.10/site-packages/setuptools/config.py
1757634771|Maysa|D|/venv/Lib/python3.10/site-packages/sqlalchemy/testing/config.py
1757634771|Maysa|D|/venv/Lib/python3.10/site-packages/virtualenv/util/zipapp.py
1757634771|Maysa|D|/venv/Lib/python3.10/site-packages/werkzeug/testapp.py
1757635167|Maysa|M|/app.py
1757635167|Maysa|M|/static/chat.css
1757635167|Maysa|M|/static/chat_list.css
1757635167|Maysa|A|/static/css.css
1757635167|Maysa|A|/static/imagens/unnamed.png
1757635167|Maysa|M|/static/login.js
1757635167|Maysa|M|/static/modalidade_local.css
1757635167|Maysa|M|/static/resultados.css
1757635167|Maysa|M|/static/styles.css
1757635167|Maysa|M|/static/styles_agenda.css
1757635167|Maysa|M|/static/styles_base.css
1757635167|Maysa|M|/static/styles_buscar.css
1757635167|Maysa|M|/static/styles_cliente.css
1757635167|Maysa|M|/static/styles_documentos.css
1757635167|Maysa|M|/static/styles_escolha.css
1757635167|Maysa|M|/static/styles_login.css
1757635167|Maysa|M|/static/styles_meuperfil.css
1757635167|Maysa|M|/static/styles_perfil.css
1757635167|Maysa|A|/static/uploads/cliente_1/documento.png
1757635167|Maysa|A|/static/uploads/cliente_1/selfie.png
1757635167|Maysa|M|/static/uploads/profissional_1/documento.png
1757635167|Maysa|M|/static/uploads/profissional_1/selfie.png
1757635167|Maysa|M|/templates/cadastro-profissional.html
1757635167|Maysa|D|/templates/configura\303\247\303\243o-perfil.html
1757635167|Maysa|A|/templates/confirmar-codigo.html
1757635167|Maysa|M|/templates/envio-documentos.html
1757635167|Maysa|A|/templates/esqueceu-senha.html
1757635167|Maysa|M|/templates/lista-chat.html
1757635167|Maysa|M|/templates/login.html
1757635167|Maysa|M|/templates/meu-perfil.html
1757635167|Maysa|M|/templates/modalidade-local.html
1757635167|Maysa|M|/templates/notifica\303\247\303\265es.html
1757635167|Maysa|A|/templates/nova-senha.html
1757635167|Maysa|D|/templates/perfil.html
1757635167|Maysa|D|/templates/recuperar-senha-nova.html
1757635167|Maysa|D|/templates/recuperar-senha.html
1757635167|Maysa|M|/templates/resultados.html
1758080904|Leonardo|M|/app.py
1758080904|Leonardo|M|/models.py
1758080904|Leonardo|A|/static/agendamento.css
1758080904|Leonardo|M|/static/chat.css
1758080904|Leonardo|M|/static/chat_list.css
1758080904|Leonardo|M|/static/modalidade_local.css
1758080904|Leonardo|M|/static/resultados.css
1758080904|Leonardo|M|/static/styles.css
1758080904|Leonardo|M|/static/styles_agenda.css
1758080904|Leonardo|M|/static/styles_buscar.css
1758080904|Leonardo|M|/static/styles_cliente.css
1758080904|Leonardo|M|/static/styles_escolha.css
1758080904|Leonardo|M|/static/styles_login.css
1758080904|Leonardo|M|/static/styles_meuperfil.css
1758080904|Leonardo|M|/static/styles_perfil.css
1758080904|Leonardo|A|/static/uploads/cliente_1/documento.png
1758080904|Leonardo|A|/static/uploads/cliente_1/selfie.png
1758080904|Leonardo|M|/static/uploads/profissional_1/documento.png
1758080904|Leonardo|M|/static/uploads/profissional_1/selfie.png
1758080904|Leonardo|M|/templates/agenda.html
1758080904|Leonardo|A|/templates/cadastrar-agendamento.html
1758080904|Leonardo|M|/templates/cadastro-cliente.html
1758080904|Leonardo|M|/templates/cadastro-profissional.html
1758080904|Leonardo|M|/templates/chat.html
1758080904|Leonardo|M|/templates/lista-chat.html
1758080904|Leonardo|A|/templates/tela-pagamento.html
1758080904|Leonardo|D|/venv/Lib/python3.10/site-packages/cffi/pkgconfig.py
1758080904|Leonardo|D|/venv/Lib/python3.10/site-packages/charset_normalizer/models.py
1758080904|Leonardo|D|/venv/Lib/python3.10/site-packages/cleo/config/application_config.py
1758080904|Leonardo|D|/venv/Lib/python3.10/site-packages/clikit/api/config/application_config.py
1758080904|Leonardo|D|/venv/Lib/python3.10/site-packages/clikit/api/config/command_config.py
1758080904|Leonardo|D|/venv/Lib/python3.10/site-packages/clikit/api/config/config.py
1758080904|Leonardo|D|/venv/Lib/python3.10/site-packages/clikit/config/default_application_config.py
1758080904|Leonardo|D|/venv/Lib/python3.10/site-packages/flask/app.py
1758080904|Leonardo|D|/venv/Lib/python3.10/site-packages/flask/config.py
1758080904|Leonardo|D|/venv/Lib/python3.10/site-packages/flask/sansio/app.py
1758080904|Leonardo|D|/venv/Lib/python3.10/site-packages/gunicorn/app/pasterapp.py
1758080904|Leonardo|D|/venv/Lib/python3.10/site-packages/gunicorn/app/wsgiapp.py
1758080904|Leonardo|D|/venv/Lib/python3.10/site-packages/gunicorn/config.py
1758080904|Leonardo|D|/venv/Lib/python3.10/site-packages/pip/_internal/locations/_sysconfig.py
1758080904|Leonardo|D|/venv/Lib/python3.10/site-packages/pip/_internal/utils/models.py
1758080904|Leonardo|D|/venv/Lib/python3.10/site-packages/pip/_vendor/requests/models.py
1758080904|Leonardo|D|/venv/Lib/python3.10/site-packages/poetry/config/config.py
1758080904|Leonardo|D|/venv/Lib/python3.10/site-packages/poetry/console/commands/config.py
1758080904|Leonardo|D|/venv/Lib/python3.10/site-packages/poetry/console/config/application_config.py
1758080904|Leonardo|D|/venv/Lib/python3.10/site-packages/poetry/core/_vendor/attr/_config.py
1758080904|Leonardo|D|/venv/Lib/python3.10/site-packages/requests/models.py
1758080904|Leonardo|D|/venv/Lib/python3.10/site-packages/setuptools/_distutils/command/config.py
1758080904|Leonardo|D|/venv/Lib/python3.10/site-packages/setuptools/_distutils/config.py
1758080904|Leonardo|D|/venv/Lib/python3.10/site-packages/setuptools/_distutils/sysconfig.py
1758080904|Leonardo|D|/venv/Lib/python3.10/site-packages/setuptools/config.py
1758080904|Leonardo|D|/venv/Lib/python3.10/site-packages/sqlalchemy/testing/config.py
1758080904|Leonardo|D|/venv/Lib/python3.10/site-packages/virtualenv/util/zipapp.py
1758080904|Leonardo|D|/venv/Lib/python3.10/site-packages/werkzeug/testapp.py
1758080904|Leonardo|A|/venv/lib/python3.10/site-packages/cffi/pkgconfig.py
1758080904|Leonardo|A|/venv/lib/python3.10/site-packages/charset_normalizer/models.py
1758080904|Leonardo|A|/venv/lib/python3.10/site-packages/cleo/config/application_config.py
1758080904|Leonardo|A|/venv/lib/python3.10/site-packages/clikit/api/config/application_config.py
1758080904|Leonardo|A|/venv/lib/python3.10/site-packages/clikit/api/config/command_config.py
1758080904|Leonardo|A|/venv/lib/python3.10/site-packages/clikit/api/config/config.py
1758080904|Leonardo|A|/venv/lib/python3.10/site-packages/clikit/config/default_application_config.py
1758080904|Leonardo|A|/venv/lib/python3.10/site-packages/flask/app.py
1758080904|Leonardo|A|/venv/lib/python3.10/site-packages/flask/config.py
1758080904|Leonardo|A|/venv/lib/python3.10/site-packages/flask/sansio/app.py
1758080904|Leonardo|A|/venv/lib/python3.10/site-packages/gunicorn/app/pasterapp.py
1758080904|Leonardo|A|/venv/lib/python3.10/site-packages/gunicorn/app/wsgiapp.py
1758080904|Leonardo|A|/venv/lib/python3.10/site-packages/gunicorn/config.py
1758080904|Leonardo|A|/venv/lib/python3.10/site-packages/pip/_internal/locations/_sysconfig.py
1758080904|Leonardo|A|/venv/lib/python3.10/site-packages/pip/_internal/utils/models.py
1758080904|Leonardo|A|/venv/lib/python3.10/site-packages/pip/_vendor/requests/models.py
1758080904|Leonardo|A|/venv/lib/python3.10/site-packages/poetry/config/config.py
1758080904|Leonardo|A|/venv/lib/python3.10/site-packages/poetry/console/commands/config.py
1758080904|Leonardo|A|/venv/lib/python3.10/site-packages/poetry/console/config/application_config.py
1758080904|Leonardo|A|/venv/lib/python3.10/site-packages/poetry/core/_vendor/attr/_config.py
1758080904|Leonardo|A|/venv/lib/python3.10/site-packages/requests/models.py
1758080904|Leonardo|A|/venv/lib/python3.10/site-packages/setuptools/_distutils/command/config.py
1758080904|Leonardo|A|/venv/lib/python3.10/site-packages/setuptools/_distutils/config.py
1758080904|Leonardo|A|/venv/lib/python3.10/site-packages/setuptools/_distutils/sysconfig.py
1758080904|Leonardo|A|/venv/lib/python3.10/site-packages/setuptools/config.py
1758080904|Leonardo|A|/venv/lib/python3.10/site-packages/sqlalchemy/testing/config.py
1758080904|Leonardo|A|/venv/lib/python3.10/site-packages/virtualenv/util/zipapp.py
1758080904|Leonardo|A|/venv/lib/python3.10/site-packages/werkzeug/testapp.py
1758083744|Leonardo|M|/app.py
1758083744|Leonardo|M|/static/styles.css
